%!Adobe-FontList 1.24
%Locale:0x412

%BeginFont
Handler:DirectoryHandler
FontType:Invalid
OutlineFileName:C:\Users\jeong\Desktop\Toodee-And-Topdee\Toodee_And_Topdee\Client\Resources\Textures\MainMenu\Font\levelSelectTitleSpr\levelSelectTitleSpr_0.png
FileModTime:1747366476
%EndFont

%BeginFont
Handler:DirectoryHandler
FontType:Invalid
OutlineFileName:C:\Users\jeong\Desktop\Toodee-And-Topdee\Toodee_And_Topdee\Client\Resources\Textures\MainMenu\Font\levelSelectTitleSpr\levelSelectTitleSpr_1.png
FileModTime:1747366477
%EndFont

%BeginFont
Handler:DirectoryHandler
FontType:Invalid
OutlineFileName:C:\Users\jeong\Desktop\Toodee-And-Topdee\Toodee_And_Topdee\Client\Resources\Textures\MainMenu\Font\levelSelectTitleSpr\levelSelectTitleSpr_10.png
FileModTime:1747366477
%EndFont

%BeginFont
Handler:DirectoryHandler
FontType:Invalid
OutlineFileName:C:\Users\jeong\Desktop\Toodee-And-Topdee\Toodee_And_Topdee\Client\Resources\Textures\MainMenu\Font\levelSelectTitleSpr\levelSelectTitleSpr_2.png
FileModTime:1747366477
%EndFont

%BeginFont
Handler:DirectoryHandler
FontType:Invalid
OutlineFileName:C:\Users\jeong\Desktop\Toodee-And-Topdee\Toodee_And_Topdee\Client\Resources\Textures\MainMenu\Font\levelSelectTitleSpr\levelSelectTitleSpr_3.png
FileModTime:1747366477
%EndFont

%BeginFont
Handler:DirectoryHandler
FontType:Invalid
OutlineFileName:C:\Users\jeong\Desktop\Toodee-And-Topdee\Toodee_And_Topdee\Client\Resources\Textures\MainMenu\Font\levelSelectTitleSpr\levelSelectTitleSpr_4.png
FileModTime:1747366477
%EndFont

%BeginFont
Handler:DirectoryHandler
FontType:Invalid
OutlineFileName:C:\Users\jeong\Desktop\Toodee-And-Topdee\Toodee_And_Topdee\Client\Resources\Textures\MainMenu\Font\levelSelectTitleSpr\levelSelectTitleSpr_5.png
FileModTime:1747366477
%EndFont

%BeginFont
Handler:DirectoryHandler
FontType:Invalid
OutlineFileName:C:\Users\jeong\Desktop\Toodee-And-Topdee\Toodee_And_Topdee\Client\Resources\Textures\MainMenu\Font\levelSelectTitleSpr\levelSelectTitleSpr_6.png
FileModTime:1747366477
%EndFont

%BeginFont
Handler:DirectoryHandler
FontType:Invalid
OutlineFileName:C:\Users\jeong\Desktop\Toodee-And-Topdee\Toodee_And_Topdee\Client\Resources\Textures\MainMenu\Font\levelSelectTitleSpr\levelSelectTitleSpr_7.png
FileModTime:1747366477
%EndFont

%BeginFont
Handler:DirectoryHandler
FontType:Invalid
OutlineFileName:C:\Users\jeong\Desktop\Toodee-And-Topdee\Toodee_And_Topdee\Client\Resources\Textures\MainMenu\Font\levelSelectTitleSpr\levelSelectTitleSpr_8.png
FileModTime:1747366477
%EndFont

%BeginFont
Handler:DirectoryHandler
FontType:Invalid
OutlineFileName:C:\Users\jeong\Desktop\Toodee-And-Topdee\Toodee_And_Topdee\Client\Resources\Textures\MainMenu\Font\levelSelectTitleSpr\levelSelectTitleSpr_9.png
FileModTime:1747366477
%EndFont

%BeginFont
Handler:DirectoryHandler
FontType:Invalid
OutlineFileName:C:\Users\jeong\Desktop\Toodee-And-Topdee\Toodee_And_Topdee\Client\Resources\Textures\MainMenu\Font\timerFontSpr\timerFontSpr_0.png
FileModTime:1747366479
%EndFont

%BeginFont
Handler:DirectoryHandler
FontType:Invalid
OutlineFileName:C:\Users\jeong\Desktop\Toodee-And-Topdee\Toodee_And_Topdee\Client\Resources\Textures\MainMenu\Font\timerFontSpr\timerFontSpr_1.png
FileModTime:1747366479
%EndFont

%BeginFont
Handler:DirectoryHandler
FontType:Invalid
OutlineFileName:C:\Users\jeong\Desktop\Toodee-And-Topdee\Toodee_And_Topdee\Client\Resources\Textures\MainMenu\Font\timerFontSpr\timerFontSpr_10.png
FileModTime:1747366480
%EndFont

%BeginFont
Handler:DirectoryHandler
FontType:Invalid
OutlineFileName:C:\Users\jeong\Desktop\Toodee-And-Topdee\Toodee_And_Topdee\Client\Resources\Textures\MainMenu\Font\timerFontSpr\timerFontSpr_100.png
FileModTime:1747366483
%EndFont

%BeginFont
Handler:DirectoryHandler
FontType:Invalid
OutlineFileName:C:\Users\jeong\Desktop\Toodee-And-Topdee\Toodee_And_Topdee\Client\Resources\Textures\MainMenu\Font\timerFontSpr\timerFontSpr_101.png
FileModTime:1747366483
%EndFont

%BeginFont
Handler:DirectoryHandler
FontType:Invalid
OutlineFileName:C:\Users\jeong\Desktop\Toodee-And-Topdee\Toodee_And_Topdee\Client\Resources\Textures\MainMenu\Font\timerFontSpr\timerFontSpr_102.png
FileModTime:1747366483
%EndFont

%BeginFont
Handler:DirectoryHandler
FontType:Invalid
OutlineFileName:C:\Users\jeong\Desktop\Toodee-And-Topdee\Toodee_And_Topdee\Client\Resources\Textures\MainMenu\Font\timerFontSpr\timerFontSpr_103.png
FileModTime:1747366483
%EndFont

%BeginFont
Handler:DirectoryHandler
FontType:Invalid
OutlineFileName:C:\Users\jeong\Desktop\Toodee-And-Topdee\Toodee_And_Topdee\Client\Resources\Textures\MainMenu\Font\timerFontSpr\timerFontSpr_104.png
FileModTime:1747366483
%EndFont

%BeginFont
Handler:DirectoryHandler
FontType:Invalid
OutlineFileName:C:\Users\jeong\Desktop\Toodee-And-Topdee\Toodee_And_Topdee\Client\Resources\Textures\MainMenu\Font\timerFontSpr\timerFontSpr_105.png
FileModTime:1747366483
%EndFont

%BeginFont
Handler:DirectoryHandler
FontType:Invalid
OutlineFileName:C:\Users\jeong\Desktop\Toodee-And-Topdee\Toodee_And_Topdee\Client\Resources\Textures\MainMenu\Font\timerFontSpr\timerFontSpr_106.png
FileModTime:1747366483
%EndFont

%BeginFont
Handler:DirectoryHandler
FontType:Invalid
OutlineFileName:C:\Users\jeong\Desktop\Toodee-And-Topdee\Toodee_And_Topdee\Client\Resources\Textures\MainMenu\Font\timerFontSpr\timerFontSpr_11.png
FileModTime:1747366480
%EndFont

%BeginFont
Handler:DirectoryHandler
FontType:Invalid
OutlineFileName:C:\Users\jeong\Desktop\Toodee-And-Topdee\Toodee_And_Topdee\Client\Resources\Textures\MainMenu\Font\timerFontSpr\timerFontSpr_12.png
FileModTime:1747366480
%EndFont

%BeginFont
Handler:DirectoryHandler
FontType:Invalid
OutlineFileName:C:\Users\jeong\Desktop\Toodee-And-Topdee\Toodee_And_Topdee\Client\Resources\Textures\MainMenu\Font\timerFontSpr\timerFontSpr_13.png
FileModTime:1747366480
%EndFont

%BeginFont
Handler:DirectoryHandler
FontType:Invalid
OutlineFileName:C:\Users\jeong\Desktop\Toodee-And-Topdee\Toodee_And_Topdee\Client\Resources\Textures\MainMenu\Font\timerFontSpr\timerFontSpr_14.png
FileModTime:1747366480
%EndFont

%BeginFont
Handler:DirectoryHandler
FontType:Invalid
OutlineFileName:C:\Users\jeong\Desktop\Toodee-And-Topdee\Toodee_And_Topdee\Client\Resources\Textures\MainMenu\Font\timerFontSpr\timerFontSpr_15.png
FileModTime:1747366480
%EndFont

%BeginFont
Handler:DirectoryHandler
FontType:Invalid
OutlineFileName:C:\Users\jeong\Desktop\Toodee-And-Topdee\Toodee_And_Topdee\Client\Resources\Textures\MainMenu\Font\timerFontSpr\timerFontSpr_16.png
FileModTime:1747366480
%EndFont

%BeginFont
Handler:DirectoryHandler
FontType:Invalid
OutlineFileName:C:\Users\jeong\Desktop\Toodee-And-Topdee\Toodee_And_Topdee\Client\Resources\Textures\MainMenu\Font\timerFontSpr\timerFontSpr_17.png
FileModTime:1747366480
%EndFont

%BeginFont
Handler:DirectoryHandler
FontType:Invalid
OutlineFileName:C:\Users\jeong\Desktop\Toodee-And-Topdee\Toodee_And_Topdee\Client\Resources\Textures\MainMenu\Font\timerFontSpr\timerFontSpr_18.png
FileModTime:1747366480
%EndFont

%BeginFont
Handler:DirectoryHandler
FontType:Invalid
OutlineFileName:C:\Users\jeong\Desktop\Toodee-And-Topdee\Toodee_And_Topdee\Client\Resources\Textures\MainMenu\Font\timerFontSpr\timerFontSpr_19.png
FileModTime:1747366480
%EndFont

%BeginFont
Handler:DirectoryHandler
FontType:Invalid
OutlineFileName:C:\Users\jeong\Desktop\Toodee-And-Topdee\Toodee_And_Topdee\Client\Resources\Textures\MainMenu\Font\timerFontSpr\timerFontSpr_2.png
FileModTime:1747366479
%EndFont

%BeginFont
Handler:DirectoryHandler
FontType:Invalid
OutlineFileName:C:\Users\jeong\Desktop\Toodee-And-Topdee\Toodee_And_Topdee\Client\Resources\Textures\MainMenu\Font\timerFontSpr\timerFontSpr_20.png
FileModTime:1747366480
%EndFont

%BeginFont
Handler:DirectoryHandler
FontType:Invalid
OutlineFileName:C:\Users\jeong\Desktop\Toodee-And-Topdee\Toodee_And_Topdee\Client\Resources\Textures\MainMenu\Font\timerFontSpr\timerFontSpr_21.png
FileModTime:1747366480
%EndFont

%BeginFont
Handler:DirectoryHandler
FontType:Invalid
OutlineFileName:C:\Users\jeong\Desktop\Toodee-And-Topdee\Toodee_And_Topdee\Client\Resources\Textures\MainMenu\Font\timerFontSpr\timerFontSpr_22.png
FileModTime:1747366480
%EndFont

%BeginFont
Handler:DirectoryHandler
FontType:Invalid
OutlineFileName:C:\Users\jeong\Desktop\Toodee-And-Topdee\Toodee_And_Topdee\Client\Resources\Textures\MainMenu\Font\timerFontSpr\timerFontSpr_23.png
FileModTime:1747366480
%EndFont

%BeginFont
Handler:DirectoryHandler
FontType:Invalid
OutlineFileName:C:\Users\jeong\Desktop\Toodee-And-Topdee\Toodee_And_Topdee\Client\Resources\Textures\MainMenu\Font\timerFontSpr\timerFontSpr_24.png
FileModTime:1747366480
%EndFont

%BeginFont
Handler:DirectoryHandler
FontType:Invalid
OutlineFileName:C:\Users\jeong\Desktop\Toodee-And-Topdee\Toodee_And_Topdee\Client\Resources\Textures\MainMenu\Font\timerFontSpr\timerFontSpr_25.png
FileModTime:1747366480
%EndFont

%BeginFont
Handler:DirectoryHandler
FontType:Invalid
OutlineFileName:C:\Users\jeong\Desktop\Toodee-And-Topdee\Toodee_And_Topdee\Client\Resources\Textures\MainMenu\Font\timerFontSpr\timerFontSpr_26.png
FileModTime:1747366480
%EndFont

%BeginFont
Handler:DirectoryHandler
FontType:Invalid
OutlineFileName:C:\Users\jeong\Desktop\Toodee-And-Topdee\Toodee_And_Topdee\Client\Resources\Textures\MainMenu\Font\timerFontSpr\timerFontSpr_27.png
FileModTime:1747366480
%EndFont

%BeginFont
Handler:DirectoryHandler
FontType:Invalid
OutlineFileName:C:\Users\jeong\Desktop\Toodee-And-Topdee\Toodee_And_Topdee\Client\Resources\Textures\MainMenu\Font\timerFontSpr\timerFontSpr_28.png
FileModTime:1747366480
%EndFont

%BeginFont
Handler:DirectoryHandler
FontType:Invalid
OutlineFileName:C:\Users\jeong\Desktop\Toodee-And-Topdee\Toodee_And_Topdee\Client\Resources\Textures\MainMenu\Font\timerFontSpr\timerFontSpr_29.png
FileModTime:1747366480
%EndFont

%BeginFont
Handler:DirectoryHandler
FontType:Invalid
OutlineFileName:C:\Users\jeong\Desktop\Toodee-And-Topdee\Toodee_And_Topdee\Client\Resources\Textures\MainMenu\Font\timerFontSpr\timerFontSpr_3.png
FileModTime:1747366479
%EndFont

%BeginFont
Handler:DirectoryHandler
FontType:Invalid
OutlineFileName:C:\Users\jeong\Desktop\Toodee-And-Topdee\Toodee_And_Topdee\Client\Resources\Textures\MainMenu\Font\timerFontSpr\timerFontSpr_30.png
FileModTime:1747366480
%EndFont

%BeginFont
Handler:DirectoryHandler
FontType:Invalid
OutlineFileName:C:\Users\jeong\Desktop\Toodee-And-Topdee\Toodee_And_Topdee\Client\Resources\Textures\MainMenu\Font\timerFontSpr\timerFontSpr_31.png
FileModTime:1747366480
%EndFont

%BeginFont
Handler:DirectoryHandler
FontType:Invalid
OutlineFileName:C:\Users\jeong\Desktop\Toodee-And-Topdee\Toodee_And_Topdee\Client\Resources\Textures\MainMenu\Font\timerFontSpr\timerFontSpr_32.png
FileModTime:1747366480
%EndFont

%BeginFont
Handler:DirectoryHandler
FontType:Invalid
OutlineFileName:C:\Users\jeong\Desktop\Toodee-And-Topdee\Toodee_And_Topdee\Client\Resources\Textures\MainMenu\Font\timerFontSpr\timerFontSpr_33.png
FileModTime:1747366480
%EndFont

%BeginFont
Handler:DirectoryHandler
FontType:Invalid
OutlineFileName:C:\Users\jeong\Desktop\Toodee-And-Topdee\Toodee_And_Topdee\Client\Resources\Textures\MainMenu\Font\timerFontSpr\timerFontSpr_34.png
FileModTime:1747366480
%EndFont

%BeginFont
Handler:DirectoryHandler
FontType:Invalid
OutlineFileName:C:\Users\jeong\Desktop\Toodee-And-Topdee\Toodee_And_Topdee\Client\Resources\Textures\MainMenu\Font\timerFontSpr\timerFontSpr_35.png
FileModTime:1747366480
%EndFont

%BeginFont
Handler:DirectoryHandler
FontType:Invalid
OutlineFileName:C:\Users\jeong\Desktop\Toodee-And-Topdee\Toodee_And_Topdee\Client\Resources\Textures\MainMenu\Font\timerFontSpr\timerFontSpr_36.png
FileModTime:1747366481
%EndFont

%BeginFont
Handler:DirectoryHandler
FontType:Invalid
OutlineFileName:C:\Users\jeong\Desktop\Toodee-And-Topdee\Toodee_And_Topdee\Client\Resources\Textures\MainMenu\Font\timerFontSpr\timerFontSpr_37.png
FileModTime:1747366481
%EndFont

%BeginFont
Handler:DirectoryHandler
FontType:Invalid
OutlineFileName:C:\Users\jeong\Desktop\Toodee-And-Topdee\Toodee_And_Topdee\Client\Resources\Textures\MainMenu\Font\timerFontSpr\timerFontSpr_38.png
FileModTime:1747366481
%EndFont

%BeginFont
Handler:DirectoryHandler
FontType:Invalid
OutlineFileName:C:\Users\jeong\Desktop\Toodee-And-Topdee\Toodee_And_Topdee\Client\Resources\Textures\MainMenu\Font\timerFontSpr\timerFontSpr_39.png
FileModTime:1747366481
%EndFont

%BeginFont
Handler:DirectoryHandler
FontType:Invalid
OutlineFileName:C:\Users\jeong\Desktop\Toodee-And-Topdee\Toodee_And_Topdee\Client\Resources\Textures\MainMenu\Font\timerFontSpr\timerFontSpr_4.png
FileModTime:1747366479
%EndFont

%BeginFont
Handler:DirectoryHandler
FontType:Invalid
OutlineFileName:C:\Users\jeong\Desktop\Toodee-And-Topdee\Toodee_And_Topdee\Client\Resources\Textures\MainMenu\Font\timerFontSpr\timerFontSpr_40.png
FileModTime:1747366481
%EndFont

%BeginFont
Handler:DirectoryHandler
FontType:Invalid
OutlineFileName:C:\Users\jeong\Desktop\Toodee-And-Topdee\Toodee_And_Topdee\Client\Resources\Textures\MainMenu\Font\timerFontSpr\timerFontSpr_41.png
FileModTime:1747366481
%EndFont

%BeginFont
Handler:DirectoryHandler
FontType:Invalid
OutlineFileName:C:\Users\jeong\Desktop\Toodee-And-Topdee\Toodee_And_Topdee\Client\Resources\Textures\MainMenu\Font\timerFontSpr\timerFontSpr_42.png
FileModTime:1747366481
%EndFont

%BeginFont
Handler:DirectoryHandler
FontType:Invalid
OutlineFileName:C:\Users\jeong\Desktop\Toodee-And-Topdee\Toodee_And_Topdee\Client\Resources\Textures\MainMenu\Font\timerFontSpr\timerFontSpr_43.png
FileModTime:1747366481
%EndFont

%BeginFont
Handler:DirectoryHandler
FontType:Invalid
OutlineFileName:C:\Users\jeong\Desktop\Toodee-And-Topdee\Toodee_And_Topdee\Client\Resources\Textures\MainMenu\Font\timerFontSpr\timerFontSpr_44.png
FileModTime:1747366481
%EndFont

%BeginFont
Handler:DirectoryHandler
FontType:Invalid
OutlineFileName:C:\Users\jeong\Desktop\Toodee-And-Topdee\Toodee_And_Topdee\Client\Resources\Textures\MainMenu\Font\timerFontSpr\timerFontSpr_45.png
FileModTime:1747366481
%EndFont

%BeginFont
Handler:DirectoryHandler
FontType:Invalid
OutlineFileName:C:\Users\jeong\Desktop\Toodee-And-Topdee\Toodee_And_Topdee\Client\Resources\Textures\MainMenu\Font\timerFontSpr\timerFontSpr_46.png
FileModTime:1747366481
%EndFont

%BeginFont
Handler:DirectoryHandler
FontType:Invalid
OutlineFileName:C:\Users\jeong\Desktop\Toodee-And-Topdee\Toodee_And_Topdee\Client\Resources\Textures\MainMenu\Font\timerFontSpr\timerFontSpr_47.png
FileModTime:1747366481
%EndFont

%BeginFont
Handler:DirectoryHandler
FontType:Invalid
OutlineFileName:C:\Users\jeong\Desktop\Toodee-And-Topdee\Toodee_And_Topdee\Client\Resources\Textures\MainMenu\Font\timerFontSpr\timerFontSpr_48.png
FileModTime:1747366481
%EndFont

%BeginFont
Handler:DirectoryHandler
FontType:Invalid
OutlineFileName:C:\Users\jeong\Desktop\Toodee-And-Topdee\Toodee_And_Topdee\Client\Resources\Textures\MainMenu\Font\timerFontSpr\timerFontSpr_49.png
FileModTime:1747366481
%EndFont

%BeginFont
Handler:DirectoryHandler
FontType:Invalid
OutlineFileName:C:\Users\jeong\Desktop\Toodee-And-Topdee\Toodee_And_Topdee\Client\Resources\Textures\MainMenu\Font\timerFontSpr\timerFontSpr_5.png
FileModTime:1747366479
%EndFont

%BeginFont
Handler:DirectoryHandler
FontType:Invalid
OutlineFileName:C:\Users\jeong\Desktop\Toodee-And-Topdee\Toodee_And_Topdee\Client\Resources\Textures\MainMenu\Font\timerFontSpr\timerFontSpr_50.png
FileModTime:1747366481
%EndFont

%BeginFont
Handler:DirectoryHandler
FontType:Invalid
OutlineFileName:C:\Users\jeong\Desktop\Toodee-And-Topdee\Toodee_And_Topdee\Client\Resources\Textures\MainMenu\Font\timerFontSpr\timerFontSpr_51.png
FileModTime:1747366481
%EndFont

%BeginFont
Handler:DirectoryHandler
FontType:Invalid
OutlineFileName:C:\Users\jeong\Desktop\Toodee-And-Topdee\Toodee_And_Topdee\Client\Resources\Textures\MainMenu\Font\timerFontSpr\timerFontSpr_52.png
FileModTime:1747366481
%EndFont

%BeginFont
Handler:DirectoryHandler
FontType:Invalid
OutlineFileName:C:\Users\jeong\Desktop\Toodee-And-Topdee\Toodee_And_Topdee\Client\Resources\Textures\MainMenu\Font\timerFontSpr\timerFontSpr_53.png
FileModTime:1747366481
%EndFont

%BeginFont
Handler:DirectoryHandler
FontType:Invalid
OutlineFileName:C:\Users\jeong\Desktop\Toodee-And-Topdee\Toodee_And_Topdee\Client\Resources\Textures\MainMenu\Font\timerFontSpr\timerFontSpr_54.png
FileModTime:1747366482
%EndFont

%BeginFont
Handler:DirectoryHandler
FontType:Invalid
OutlineFileName:C:\Users\jeong\Desktop\Toodee-And-Topdee\Toodee_And_Topdee\Client\Resources\Textures\MainMenu\Font\timerFontSpr\timerFontSpr_55.png
FileModTime:1747366482
%EndFont

%BeginFont
Handler:DirectoryHandler
FontType:Invalid
OutlineFileName:C:\Users\jeong\Desktop\Toodee-And-Topdee\Toodee_And_Topdee\Client\Resources\Textures\MainMenu\Font\timerFontSpr\timerFontSpr_56.png
FileModTime:1747366482
%EndFont

%BeginFont
Handler:DirectoryHandler
FontType:Invalid
OutlineFileName:C:\Users\jeong\Desktop\Toodee-And-Topdee\Toodee_And_Topdee\Client\Resources\Textures\MainMenu\Font\timerFontSpr\timerFontSpr_57.png
FileModTime:1747366482
%EndFont

%BeginFont
Handler:DirectoryHandler
FontType:Invalid
OutlineFileName:C:\Users\jeong\Desktop\Toodee-And-Topdee\Toodee_And_Topdee\Client\Resources\Textures\MainMenu\Font\timerFontSpr\timerFontSpr_58.png
FileModTime:1747366482
%EndFont

%BeginFont
Handler:DirectoryHandler
FontType:Invalid
OutlineFileName:C:\Users\jeong\Desktop\Toodee-And-Topdee\Toodee_And_Topdee\Client\Resources\Textures\MainMenu\Font\timerFontSpr\timerFontSpr_59.png
FileModTime:1747366482
%EndFont

%BeginFont
Handler:DirectoryHandler
FontType:Invalid
OutlineFileName:C:\Users\jeong\Desktop\Toodee-And-Topdee\Toodee_And_Topdee\Client\Resources\Textures\MainMenu\Font\timerFontSpr\timerFontSpr_6.png
FileModTime:1747366479
%EndFont

%BeginFont
Handler:DirectoryHandler
FontType:Invalid
OutlineFileName:C:\Users\jeong\Desktop\Toodee-And-Topdee\Toodee_And_Topdee\Client\Resources\Textures\MainMenu\Font\timerFontSpr\timerFontSpr_60.png
FileModTime:1747366482
%EndFont

%BeginFont
Handler:DirectoryHandler
FontType:Invalid
OutlineFileName:C:\Users\jeong\Desktop\Toodee-And-Topdee\Toodee_And_Topdee\Client\Resources\Textures\MainMenu\Font\timerFontSpr\timerFontSpr_61.png
FileModTime:1747366482
%EndFont

%BeginFont
Handler:DirectoryHandler
FontType:Invalid
OutlineFileName:C:\Users\jeong\Desktop\Toodee-And-Topdee\Toodee_And_Topdee\Client\Resources\Textures\MainMenu\Font\timerFontSpr\timerFontSpr_62.png
FileModTime:1747366482
%EndFont

%BeginFont
Handler:DirectoryHandler
FontType:Invalid
OutlineFileName:C:\Users\jeong\Desktop\Toodee-And-Topdee\Toodee_And_Topdee\Client\Resources\Textures\MainMenu\Font\timerFontSpr\timerFontSpr_63.png
FileModTime:1747366482
%EndFont

%BeginFont
Handler:DirectoryHandler
FontType:Invalid
OutlineFileName:C:\Users\jeong\Desktop\Toodee-And-Topdee\Toodee_And_Topdee\Client\Resources\Textures\MainMenu\Font\timerFontSpr\timerFontSpr_64.png
FileModTime:1747366482
%EndFont

%BeginFont
Handler:DirectoryHandler
FontType:Invalid
OutlineFileName:C:\Users\jeong\Desktop\Toodee-And-Topdee\Toodee_And_Topdee\Client\Resources\Textures\MainMenu\Font\timerFontSpr\timerFontSpr_65.png
FileModTime:1747366482
%EndFont

%BeginFont
Handler:DirectoryHandler
FontType:Invalid
OutlineFileName:C:\Users\jeong\Desktop\Toodee-And-Topdee\Toodee_And_Topdee\Client\Resources\Textures\MainMenu\Font\timerFontSpr\timerFontSpr_66.png
FileModTime:1747366482
%EndFont

%BeginFont
Handler:DirectoryHandler
FontType:Invalid
OutlineFileName:C:\Users\jeong\Desktop\Toodee-And-Topdee\Toodee_And_Topdee\Client\Resources\Textures\MainMenu\Font\timerFontSpr\timerFontSpr_67.png
FileModTime:1747366482
%EndFont

%BeginFont
Handler:DirectoryHandler
FontType:Invalid
OutlineFileName:C:\Users\jeong\Desktop\Toodee-And-Topdee\Toodee_And_Topdee\Client\Resources\Textures\MainMenu\Font\timerFontSpr\timerFontSpr_68.png
FileModTime:1747366482
%EndFont

%BeginFont
Handler:DirectoryHandler
FontType:Invalid
OutlineFileName:C:\Users\jeong\Desktop\Toodee-And-Topdee\Toodee_And_Topdee\Client\Resources\Textures\MainMenu\Font\timerFontSpr\timerFontSpr_69.png
FileModTime:1747366482
%EndFont

%BeginFont
Handler:DirectoryHandler
FontType:Invalid
OutlineFileName:C:\Users\jeong\Desktop\Toodee-And-Topdee\Toodee_And_Topdee\Client\Resources\Textures\MainMenu\Font\timerFontSpr\timerFontSpr_7.png
FileModTime:1747366480
%EndFont

%BeginFont
Handler:DirectoryHandler
FontType:Invalid
OutlineFileName:C:\Users\jeong\Desktop\Toodee-And-Topdee\Toodee_And_Topdee\Client\Resources\Textures\MainMenu\Font\timerFontSpr\timerFontSpr_70.png
FileModTime:1747366482
%EndFont

%BeginFont
Handler:DirectoryHandler
FontType:Invalid
OutlineFileName:C:\Users\jeong\Desktop\Toodee-And-Topdee\Toodee_And_Topdee\Client\Resources\Textures\MainMenu\Font\timerFontSpr\timerFontSpr_71.png
FileModTime:1747366482
%EndFont

%BeginFont
Handler:DirectoryHandler
FontType:Invalid
OutlineFileName:C:\Users\jeong\Desktop\Toodee-And-Topdee\Toodee_And_Topdee\Client\Resources\Textures\MainMenu\Font\timerFontSpr\timerFontSpr_72.png
FileModTime:1747366483
%EndFont

%BeginFont
Handler:DirectoryHandler
FontType:Invalid
OutlineFileName:C:\Users\jeong\Desktop\Toodee-And-Topdee\Toodee_And_Topdee\Client\Resources\Textures\MainMenu\Font\timerFontSpr\timerFontSpr_73.png
FileModTime:1747366483
%EndFont

%BeginFont
Handler:DirectoryHandler
FontType:Invalid
OutlineFileName:C:\Users\jeong\Desktop\Toodee-And-Topdee\Toodee_And_Topdee\Client\Resources\Textures\MainMenu\Font\timerFontSpr\timerFontSpr_74.png
FileModTime:1747366483
%EndFont

%BeginFont
Handler:DirectoryHandler
FontType:Invalid
OutlineFileName:C:\Users\jeong\Desktop\Toodee-And-Topdee\Toodee_And_Topdee\Client\Resources\Textures\MainMenu\Font\timerFontSpr\timerFontSpr_75.png
FileModTime:1747366483
%EndFont

%BeginFont
Handler:DirectoryHandler
FontType:Invalid
OutlineFileName:C:\Users\jeong\Desktop\Toodee-And-Topdee\Toodee_And_Topdee\Client\Resources\Textures\MainMenu\Font\timerFontSpr\timerFontSpr_76.png
FileModTime:1747366483
%EndFont

%BeginFont
Handler:DirectoryHandler
FontType:Invalid
OutlineFileName:C:\Users\jeong\Desktop\Toodee-And-Topdee\Toodee_And_Topdee\Client\Resources\Textures\MainMenu\Font\timerFontSpr\timerFontSpr_77.png
FileModTime:1747366483
%EndFont

%BeginFont
Handler:DirectoryHandler
FontType:Invalid
OutlineFileName:C:\Users\jeong\Desktop\Toodee-And-Topdee\Toodee_And_Topdee\Client\Resources\Textures\MainMenu\Font\timerFontSpr\timerFontSpr_78.png
FileModTime:1747366483
%EndFont

%BeginFont
Handler:DirectoryHandler
FontType:Invalid
OutlineFileName:C:\Users\jeong\Desktop\Toodee-And-Topdee\Toodee_And_Topdee\Client\Resources\Textures\MainMenu\Font\timerFontSpr\timerFontSpr_79.png
FileModTime:1747366483
%EndFont

%BeginFont
Handler:DirectoryHandler
FontType:Invalid
OutlineFileName:C:\Users\jeong\Desktop\Toodee-And-Topdee\Toodee_And_Topdee\Client\Resources\Textures\MainMenu\Font\timerFontSpr\timerFontSpr_8.png
FileModTime:1747366480
%EndFont

%BeginFont
Handler:DirectoryHandler
FontType:Invalid
OutlineFileName:C:\Users\jeong\Desktop\Toodee-And-Topdee\Toodee_And_Topdee\Client\Resources\Textures\MainMenu\Font\timerFontSpr\timerFontSpr_80.png
FileModTime:1747366483
%EndFont

%BeginFont
Handler:DirectoryHandler
FontType:Invalid
OutlineFileName:C:\Users\jeong\Desktop\Toodee-And-Topdee\Toodee_And_Topdee\Client\Resources\Textures\MainMenu\Font\timerFontSpr\timerFontSpr_81.png
FileModTime:1747366483
%EndFont

%BeginFont
Handler:DirectoryHandler
FontType:Invalid
OutlineFileName:C:\Users\jeong\Desktop\Toodee-And-Topdee\Toodee_And_Topdee\Client\Resources\Textures\MainMenu\Font\timerFontSpr\timerFontSpr_82.png
FileModTime:1747366483
%EndFont

%BeginFont
Handler:DirectoryHandler
FontType:Invalid
OutlineFileName:C:\Users\jeong\Desktop\Toodee-And-Topdee\Toodee_And_Topdee\Client\Resources\Textures\MainMenu\Font\timerFontSpr\timerFontSpr_83.png
FileModTime:1747366483
%EndFont

%BeginFont
Handler:DirectoryHandler
FontType:Invalid
OutlineFileName:C:\Users\jeong\Desktop\Toodee-And-Topdee\Toodee_And_Topdee\Client\Resources\Textures\MainMenu\Font\timerFontSpr\timerFontSpr_84.png
FileModTime:1747366483
%EndFont

%BeginFont
Handler:DirectoryHandler
FontType:Invalid
OutlineFileName:C:\Users\jeong\Desktop\Toodee-And-Topdee\Toodee_And_Topdee\Client\Resources\Textures\MainMenu\Font\timerFontSpr\timerFontSpr_85.png
FileModTime:1747366483
%EndFont

%BeginFont
Handler:DirectoryHandler
FontType:Invalid
OutlineFileName:C:\Users\jeong\Desktop\Toodee-And-Topdee\Toodee_And_Topdee\Client\Resources\Textures\MainMenu\Font\timerFontSpr\timerFontSpr_86.png
FileModTime:1747366483
%EndFont

%BeginFont
Handler:DirectoryHandler
FontType:Invalid
OutlineFileName:C:\Users\jeong\Desktop\Toodee-And-Topdee\Toodee_And_Topdee\Client\Resources\Textures\MainMenu\Font\timerFontSpr\timerFontSpr_87.png
FileModTime:1747366483
%EndFont

%BeginFont
Handler:DirectoryHandler
FontType:Invalid
OutlineFileName:C:\Users\jeong\Desktop\Toodee-And-Topdee\Toodee_And_Topdee\Client\Resources\Textures\MainMenu\Font\timerFontSpr\timerFontSpr_88.png
FileModTime:1747366483
%EndFont

%BeginFont
Handler:DirectoryHandler
FontType:Invalid
OutlineFileName:C:\Users\jeong\Desktop\Toodee-And-Topdee\Toodee_And_Topdee\Client\Resources\Textures\MainMenu\Font\timerFontSpr\timerFontSpr_89.png
FileModTime:1747366483
%EndFont

%BeginFont
Handler:DirectoryHandler
FontType:Invalid
OutlineFileName:C:\Users\jeong\Desktop\Toodee-And-Topdee\Toodee_And_Topdee\Client\Resources\Textures\MainMenu\Font\timerFontSpr\timerFontSpr_9.png
FileModTime:1747366480
%EndFont

%BeginFont
Handler:DirectoryHandler
FontType:Invalid
OutlineFileName:C:\Users\jeong\Desktop\Toodee-And-Topdee\Toodee_And_Topdee\Client\Resources\Textures\MainMenu\Font\timerFontSpr\timerFontSpr_90.png
FileModTime:1747366483
%EndFont

%BeginFont
Handler:DirectoryHandler
FontType:Invalid
OutlineFileName:C:\Users\jeong\Desktop\Toodee-And-Topdee\Toodee_And_Topdee\Client\Resources\Textures\MainMenu\Font\timerFontSpr\timerFontSpr_91.png
FileModTime:1747366483
%EndFont

%BeginFont
Handler:DirectoryHandler
FontType:Invalid
OutlineFileName:C:\Users\jeong\Desktop\Toodee-And-Topdee\Toodee_And_Topdee\Client\Resources\Textures\MainMenu\Font\timerFontSpr\timerFontSpr_92.png
FileModTime:1747366483
%EndFont

%BeginFont
Handler:DirectoryHandler
FontType:Invalid
OutlineFileName:C:\Users\jeong\Desktop\Toodee-And-Topdee\Toodee_And_Topdee\Client\Resources\Textures\MainMenu\Font\timerFontSpr\timerFontSpr_93.png
FileModTime:1747366483
%EndFont

%BeginFont
Handler:DirectoryHandler
FontType:Invalid
OutlineFileName:C:\Users\jeong\Desktop\Toodee-And-Topdee\Toodee_And_Topdee\Client\Resources\Textures\MainMenu\Font\timerFontSpr\timerFontSpr_94.png
FileModTime:1747366483
%EndFont

%BeginFont
Handler:DirectoryHandler
FontType:Invalid
OutlineFileName:C:\Users\jeong\Desktop\Toodee-And-Topdee\Toodee_And_Topdee\Client\Resources\Textures\MainMenu\Font\timerFontSpr\timerFontSpr_95.png
FileModTime:1747366483
%EndFont

%BeginFont
Handler:DirectoryHandler
FontType:Invalid
OutlineFileName:C:\Users\jeong\Desktop\Toodee-And-Topdee\Toodee_And_Topdee\Client\Resources\Textures\MainMenu\Font\timerFontSpr\timerFontSpr_96.png
FileModTime:1747366483
%EndFont

%BeginFont
Handler:DirectoryHandler
FontType:Invalid
OutlineFileName:C:\Users\jeong\Desktop\Toodee-And-Topdee\Toodee_And_Topdee\Client\Resources\Textures\MainMenu\Font\timerFontSpr\timerFontSpr_97.png
FileModTime:1747366483
%EndFont

%BeginFont
Handler:DirectoryHandler
FontType:Invalid
OutlineFileName:C:\Users\jeong\Desktop\Toodee-And-Topdee\Toodee_And_Topdee\Client\Resources\Textures\MainMenu\Font\timerFontSpr\timerFontSpr_98.png
FileModTime:1747366483
%EndFont

%BeginFont
Handler:DirectoryHandler
FontType:Invalid
OutlineFileName:C:\Users\jeong\Desktop\Toodee-And-Topdee\Toodee_And_Topdee\Client\Resources\Textures\MainMenu\Font\timerFontSpr\timerFontSpr_99.png
FileModTime:1747366483
%EndFont

